
There are no discarded input sections

Memory Configuration

Name             Origin             Length             Attributes
*default*        0x00000000         0xffffffff

Linker script and memory map


.init           0x00008000       0x5c
 *(.init)
 .init          0x00008000       0x5c boot.o
                0x00008000                start

.text           0x0000805c      0x700
 *(.text)
 .text          0x0000805c      0x380 main.o
                0x0000805c                uart_init
                0x00008164                uart_putc
                0x000081b4                uart_puts
                0x00008204                uart_getc
                0x00008248                printa_oi
                0x00008268                periodo_alto_pwm_em_micro_segundos_dado_angulo
                0x000082b8                distancia_em_mm_dada_duracao_echo
                0x00008320                printa_1_o_por_ms
 .text          0x000083dc      0x380 boot.o
                0x000083dc                delay
                0x000083e8                enable_irq
                0x00008410                get_cpsr

.glue_7         0x0000875c        0x0
 .glue_7        0x0000875c        0x0 linker stubs

.glue_7t        0x0000875c        0x0
 .glue_7t       0x0000875c        0x0 linker stubs

.vfp11_veneer   0x0000875c        0x0
 .vfp11_veneer  0x0000875c        0x0 linker stubs

.v4_bx          0x0000875c        0x0
 .v4_bx         0x0000875c        0x0 linker stubs

.iplt           0x0000875c        0x0
 .iplt          0x0000875c        0x0 main.o

.rel.dyn        0x0000875c        0x0
 .rel.iplt      0x0000875c        0x0 main.o
                0x00008760                        . = ALIGN (0x8)
                0x00008760                        rodata_begin = .

.rodata
 *(.rodata)
                0x00008760                        rodata_end = .
                0x00008760                        . = ALIGN (0x8)
                0x00008760                        data_begin = .

.data           0x00008760        0x8
 *(.data)
 .data          0x00008760        0x8 main.o
                0x00008760                msg
 .data          0x00008768        0x0 boot.o

.igot.plt       0x00008768        0x0
 .igot.plt      0x00008768        0x0 main.o
                0x00008768                        . = ALIGN (0x8)
                0x00008768                        bss_begin = .

.bss            0x00008768        0x0
 *(.bss*)
 .bss           0x00008768        0x0 main.o
 .bss           0x00008768        0x0 boot.o
                0x00008768                        bss_end = .
LOAD main.o
LOAD boot.o
OUTPUT(kernel.elf elf32-littlearm)
LOAD linker stubs

.debug_info     0x00000000      0x3ab
 .debug_info    0x00000000      0x389 main.o
 .debug_info    0x00000389       0x22 boot.o

.debug_abbrev   0x00000000      0x1cb
 .debug_abbrev  0x00000000      0x1b9 main.o
 .debug_abbrev  0x000001b9       0x12 boot.o

.debug_aranges  0x00000000       0x48
 .debug_aranges
                0x00000000       0x20 main.o
 .debug_aranges
                0x00000020       0x28 boot.o

.debug_line     0x00000000      0x2da
 .debug_line    0x00000000      0x18b main.o
 .debug_line    0x0000018b      0x14f boot.o

.debug_str      0x00000000      0x26d
 .debug_str     0x00000000      0x26d main.o
                                0x293 (size before relaxing)
 .debug_str     0x0000026d       0x48 boot.o

.comment        0x00000000       0x26
 .comment       0x00000000       0x26 main.o
                                 0x27 (size before relaxing)

.ARM.attributes
                0x00000000       0x2f
 .ARM.attributes
                0x00000000       0x2f main.o
 .ARM.attributes
                0x0000002f       0x1a boot.o

.debug_frame    0x00000000      0x110
 .debug_frame   0x00000000      0x110 main.o

.debug_ranges   0x00000000       0x20
 .debug_ranges  0x00000000       0x20 boot.o
