
There are no discarded input sections

Memory Configuration

Name             Origin             Length             Attributes
*default*        0x00000000         0xffffffff

Linker script and memory map


.init           0x00008000       0x5c
 *(.init)
 .init          0x00008000       0x5c boot.o
                0x00008000                start

.text           0x0000805c      0xeac
 *(.text)
 .text          0x0000805c      0xb2c main.o
                0x0000805c                uart_init
                0x00008224                uart_putc
                0x00008274                uart_puts
                0x000082c4                uart_getc
                0x00008308                printa_oi
                0x00008328                periodo_alto_pwm_em_micro_segundos_dado_angulo
                0x000083a0                distancia_em_mm_dada_duracao_echo
                0x00008408                controle
 .text          0x00008b88      0x380 boot.o
                0x00008b88                delay
                0x00008b94                enable_irq
                0x00008bbc                get_cpsr

.glue_7         0x00008f08        0x0
 .glue_7        0x00008f08        0x0 linker stubs

.glue_7t        0x00008f08        0x0
 .glue_7t       0x00008f08        0x0 linker stubs

.vfp11_veneer   0x00008f08        0x0
 .vfp11_veneer  0x00008f08        0x0 linker stubs

.v4_bx          0x00008f08        0x0
 .v4_bx         0x00008f08        0x0 linker stubs

.iplt           0x00008f08        0x0
 .iplt          0x00008f08        0x0 main.o

.rel.dyn        0x00008f08        0x0
 .rel.iplt      0x00008f08        0x0 main.o
                0x00008f08                        . = ALIGN (0x8)
                0x00008f08                        rodata_begin = .

.rodata
 *(.rodata)
                0x00008f08                        rodata_end = .
                0x00008f08                        . = ALIGN (0x8)
                0x00008f08                        data_begin = .

.data           0x00008f08       0x38
 *(.data)
 .data          0x00008f08       0x38 main.o
                0x00008f08                msg
                0x00008f10                vetor_medida_3
 .data          0x00008f40        0x0 boot.o

.igot.plt       0x00008f40        0x0
 .igot.plt      0x00008f40        0x0 main.o
                0x00008f40                        . = ALIGN (0x8)
                0x00008f40                        bss_begin = .

.bss            0x00008f40        0x0
 *(.bss*)
 .bss           0x00008f40        0x0 main.o
 .bss           0x00008f40        0x0 boot.o
                0x00008f40                        bss_end = .
LOAD main.o
LOAD boot.o
OUTPUT(kernel.elf elf32-littlearm)
LOAD linker stubs

.debug_info     0x00000000      0x408
 .debug_info    0x00000000      0x3e6 main.o
 .debug_info    0x000003e6       0x22 boot.o

.debug_abbrev   0x00000000      0x1d0
 .debug_abbrev  0x00000000      0x1be main.o
 .debug_abbrev  0x000001be       0x12 boot.o

.debug_aranges  0x00000000       0x48
 .debug_aranges
                0x00000000       0x20 main.o
 .debug_aranges
                0x00000020       0x28 boot.o

.debug_line     0x00000000      0x4f1
 .debug_line    0x00000000      0x3a2 main.o
 .debug_line    0x000003a2      0x14f boot.o

.debug_str      0x00000000      0x2a5
 .debug_str     0x00000000      0x2a5 main.o
                                0x2d4 (size before relaxing)
 .debug_str     0x000002a5       0x48 boot.o

.comment        0x00000000       0x26
 .comment       0x00000000       0x26 main.o
                                 0x27 (size before relaxing)

.ARM.attributes
                0x00000000       0x2f
 .ARM.attributes
                0x00000000       0x2f main.o
 .ARM.attributes
                0x0000002f       0x1a boot.o

.debug_frame    0x00000000      0x114
 .debug_frame   0x00000000      0x114 main.o

.debug_ranges   0x00000000       0x20
 .debug_ranges  0x00000000       0x20 boot.o
