
There are no discarded input sections

Memory Configuration

Name             Origin             Length             Attributes
*default*        0x00000000         0xffffffff

Linker script and memory map


.text           0x00008000      0x19c
 kernel.o(.text)
 .text          0x00008000      0x19c kernel.o
                0x00008000                start
 *(.text)

.glue_7         0x0000819c        0x0
 .glue_7        0x0000819c        0x0 linker stubs

.glue_7t        0x0000819c        0x0
 .glue_7t       0x0000819c        0x0 linker stubs

.vfp11_veneer   0x0000819c        0x0
 .vfp11_veneer  0x0000819c        0x0 linker stubs

.v4_bx          0x0000819c        0x0
 .v4_bx         0x0000819c        0x0 linker stubs

.iplt           0x0000819c        0x0
 .iplt          0x0000819c        0x0 kernel.o

.rel.dyn        0x0000819c        0x0
 .rel.iplt      0x0000819c        0x0 kernel.o
                0x0000819c                        . = ALIGN (0x4)

.data           0x0000819c        0x0
 *(.data)
 .data          0x0000819c        0x0 kernel.o

.igot.plt       0x0000819c        0x0
 .igot.plt      0x0000819c        0x0 kernel.o
                0x0000819c                        . = ALIGN (0x4)

.bss            0x0000819c        0x0
 *(.bss)
 .bss           0x0000819c        0x0 kernel.o
                0x0000819c                        . = ALIGN (0x4)
                0x0000919c                        . = (. + 0x1000)
                0x0000919c                        stack_addr = .
LOAD kernel.o
LOAD /usr/lib/gcc/arm-none-eabi/13.2.1//libgcc.a
OUTPUT(teste.elf elf32-littlearm)
LOAD linker stubs

.ARM.attributes
                0x00000000       0x16
 .ARM.attributes
                0x00000000       0x16 kernel.o

.debug_line     0x00000000       0xa2
 .debug_line    0x00000000       0xa2 kernel.o

.debug_info     0x00000000       0x26
 .debug_info    0x00000000       0x26 kernel.o

.debug_abbrev   0x00000000       0x14
 .debug_abbrev  0x00000000       0x14 kernel.o

.debug_aranges  0x00000000       0x20
 .debug_aranges
                0x00000000       0x20 kernel.o

.debug_str      0x00000000       0x2c
 .debug_str     0x00000000       0x2c kernel.o
