
There are no discarded input sections

Memory Configuration

Name             Origin             Length             Attributes
*default*        0x00000000         0xffffffff

Linker script and memory map


.init           0x00008000       0x5c
 *(.init)
 .init          0x00008000       0x5c boot.o
                0x00008000                start

.text           0x0000805c      0x5e8
 *(.text)
 .text          0x0000805c      0x2a4 main.o
                0x0000805c                uart_init
                0x00008164                uart_putc
                0x000081b4                uart_puts
                0x00008204                uart_getc
                0x00008248                main
                0x000082c8                printa_oi
 .text          0x00008300      0x344 boot.o
                0x00008300                delay
                0x0000830c                enable_irq
                0x00008334                get_cpsr

.glue_7         0x00008644        0x0
 .glue_7        0x00008644        0x0 linker stubs

.glue_7t        0x00008644        0x0
 .glue_7t       0x00008644        0x0 linker stubs

.vfp11_veneer   0x00008644        0x0
 .vfp11_veneer  0x00008644        0x0 linker stubs

.v4_bx          0x00008644        0x0
 .v4_bx         0x00008644        0x0 linker stubs

.iplt           0x00008644        0x0
 .iplt          0x00008644        0x0 main.o
                0x00008648                        . = ALIGN (0x8)
                0x00008648                        rodata_begin = .

.rodata         0x00008648        0x8
 *(.rodata)
 .rodata        0x00008648        0x8 main.o
                0x00008650                        rodata_end = .

.rel.dyn        0x00008650        0x0
 .rel.iplt      0x00008650        0x0 main.o
                0x00008650                        . = ALIGN (0x8)
                0x00008650                        data_begin = .

.data           0x00008650        0x8
 *(.data)
 .data          0x00008650        0x8 main.o
                0x00008650                msg
 .data          0x00008658        0x0 boot.o

.igot.plt       0x00008658        0x0
 .igot.plt      0x00008658        0x0 main.o
                0x00008658                        . = ALIGN (0x8)
                0x00008658                        bss_begin = .

.bss            0x00008658        0x0
 *(.bss*)
 .bss           0x00008658        0x0 main.o
 .bss           0x00008658        0x0 boot.o
                0x00008658                        bss_end = .
LOAD main.o
LOAD boot.o
OUTPUT(kernel.elf elf32-littlearm)
LOAD linker stubs

.debug_info     0x00000000      0x32c
 .debug_info    0x00000000      0x30a main.o
 .debug_info    0x0000030a       0x22 boot.o

.debug_abbrev   0x00000000      0x1a1
 .debug_abbrev  0x00000000      0x18f main.o
 .debug_abbrev  0x0000018f       0x12 boot.o

.debug_aranges  0x00000000       0x48
 .debug_aranges
                0x00000000       0x20 main.o
 .debug_aranges
                0x00000020       0x28 boot.o

.debug_line     0x00000000      0x2a1
 .debug_line    0x00000000      0x166 main.o
 .debug_line    0x00000166      0x13b boot.o

.debug_str      0x00000000      0x1d5
 .debug_str     0x00000000      0x1d5 main.o
                                0x200 (size before relaxing)
 .debug_str     0x000001d5       0x4d boot.o

.comment        0x00000000       0x26
 .comment       0x00000000       0x26 main.o
                                 0x27 (size before relaxing)

.ARM.attributes
                0x00000000       0x2f
 .ARM.attributes
                0x00000000       0x2f main.o
 .ARM.attributes
                0x0000002f       0x1a boot.o

.debug_frame    0x00000000       0xcc
 .debug_frame   0x00000000       0xcc main.o

.debug_ranges   0x00000000       0x20
 .debug_ranges  0x00000000       0x20 boot.o
