
There are no discarded input sections

Memory Configuration

Name             Origin             Length             Attributes
*default*        0x00000000         0xffffffff

Linker script and memory map


.init           0x00008000       0x5c
 *(.init)
 .init          0x00008000       0x5c boot.o
                0x00008000                start

.text           0x0000805c      0x6ac
 *(.text)
 .text          0x0000805c      0x328 main.o
                0x0000805c                uart_init
                0x00008164                uart_putc
                0x000081b4                uart_puts
                0x00008204                uart_getc
                0x00008248                main
                0x000082c8                printa_oi
                0x000082e8                printa_1_o_por_ms
 .text          0x00008384      0x384 boot.o
                0x00008384                delay
                0x00008390                enable_irq
                0x000083b8                get_cpsr

.glue_7         0x00008708        0x0
 .glue_7        0x00008708        0x0 linker stubs

.glue_7t        0x00008708        0x0
 .glue_7t       0x00008708        0x0 linker stubs

.vfp11_veneer   0x00008708        0x0
 .vfp11_veneer  0x00008708        0x0 linker stubs

.v4_bx          0x00008708        0x0
 .v4_bx         0x00008708        0x0 linker stubs

.iplt           0x00008708        0x0
 .iplt          0x00008708        0x0 main.o

.rel.dyn        0x00008708        0x0
 .rel.iplt      0x00008708        0x0 main.o
                0x00008708                        . = ALIGN (0x8)
                0x00008708                        rodata_begin = .

.rodata
 *(.rodata)
                0x00008708                        rodata_end = .
                0x00008708                        . = ALIGN (0x8)
                0x00008708                        data_begin = .

.data           0x00008708        0x8
 *(.data)
 .data          0x00008708        0x8 main.o
                0x00008708                msg
 .data          0x00008710        0x0 boot.o

.igot.plt       0x00008710        0x0
 .igot.plt      0x00008710        0x0 main.o
                0x00008710                        . = ALIGN (0x8)
                0x00008710                        bss_begin = .

.bss            0x00008710        0x0
 *(.bss*)
 .bss           0x00008710        0x0 main.o
 .bss           0x00008710        0x0 boot.o
                0x00008710                        bss_end = .
LOAD main.o
LOAD boot.o
OUTPUT(kernel.elf elf32-littlearm)
LOAD linker stubs

.debug_info     0x00000000      0x384
 .debug_info    0x00000000      0x362 main.o
 .debug_info    0x00000362       0x22 boot.o

.debug_abbrev   0x00000000      0x19b
 .debug_abbrev  0x00000000      0x189 main.o
 .debug_abbrev  0x00000189       0x12 boot.o

.debug_aranges  0x00000000       0x48
 .debug_aranges
                0x00000000       0x20 main.o
 .debug_aranges
                0x00000020       0x28 boot.o

.debug_line     0x00000000      0x2e2
 .debug_line    0x00000000      0x195 main.o
 .debug_line    0x00000195      0x14d boot.o

.debug_str      0x00000000      0x1e7
 .debug_str     0x00000000      0x1e7 main.o
                                0x212 (size before relaxing)
 .debug_str     0x000001e7       0x4d boot.o

.comment        0x00000000       0x26
 .comment       0x00000000       0x26 main.o
                                 0x27 (size before relaxing)

.ARM.attributes
                0x00000000       0x2f
 .ARM.attributes
                0x00000000       0x2f main.o
 .ARM.attributes
                0x0000002f       0x1a boot.o

.debug_frame    0x00000000       0xec
 .debug_frame   0x00000000       0xec main.o

.debug_ranges   0x00000000       0x20
 .debug_ranges  0x00000000       0x20 boot.o
