
There are no discarded input sections

Memory Configuration

Name             Origin             Length             Attributes
*default*        0x00000000         0xffffffff

Linker script and memory map


.init           0x00008000       0x5c
 *(.init)
 .init          0x00008000       0x5c boot.o
                0x00008000                start

.text           0x0000805c      0x67c
 *(.text)
 .text          0x0000805c      0x300 main.o
                0x0000805c                uart_init
                0x00008164                uart_putc
                0x000081b4                uart_puts
                0x00008204                uart_getc
                0x00008248                main
                0x000082c8                printa_oi
                0x000082e8                printa_1_o_por_ms
 .text          0x0000835c      0x37c boot.o
                0x0000835c                delay
                0x00008368                enable_irq
                0x00008390                get_cpsr

.glue_7         0x000086d8        0x0
 .glue_7        0x000086d8        0x0 linker stubs

.glue_7t        0x000086d8        0x0
 .glue_7t       0x000086d8        0x0 linker stubs

.vfp11_veneer   0x000086d8        0x0
 .vfp11_veneer  0x000086d8        0x0 linker stubs

.v4_bx          0x000086d8        0x0
 .v4_bx         0x000086d8        0x0 linker stubs

.iplt           0x000086d8        0x0
 .iplt          0x000086d8        0x0 main.o

.rel.dyn        0x000086d8        0x0
 .rel.iplt      0x000086d8        0x0 main.o
                0x000086d8                        . = ALIGN (0x8)
                0x000086d8                        rodata_begin = .

.rodata
 *(.rodata)
                0x000086d8                        rodata_end = .
                0x000086d8                        . = ALIGN (0x8)
                0x000086d8                        data_begin = .

.data           0x000086d8        0x8
 *(.data)
 .data          0x000086d8        0x8 main.o
                0x000086d8                msg
 .data          0x000086e0        0x0 boot.o

.igot.plt       0x000086e0        0x0
 .igot.plt      0x000086e0        0x0 main.o
                0x000086e0                        . = ALIGN (0x8)
                0x000086e0                        bss_begin = .

.bss            0x000086e0        0x0
 *(.bss*)
 .bss           0x000086e0        0x0 main.o
 .bss           0x000086e0        0x0 boot.o
                0x000086e0                        bss_end = .
LOAD main.o
LOAD boot.o
OUTPUT(kernel.elf elf32-littlearm)
LOAD linker stubs

.debug_info     0x00000000      0x370
 .debug_info    0x00000000      0x34e main.o
 .debug_info    0x0000034e       0x22 boot.o

.debug_abbrev   0x00000000      0x19c
 .debug_abbrev  0x00000000      0x18a main.o
 .debug_abbrev  0x0000018a       0x12 boot.o

.debug_aranges  0x00000000       0x48
 .debug_aranges
                0x00000000       0x20 main.o
 .debug_aranges
                0x00000020       0x28 boot.o

.debug_line     0x00000000      0x2d5
 .debug_line    0x00000000      0x18c main.o
 .debug_line    0x0000018c      0x149 boot.o

.debug_str      0x00000000      0x1e7
 .debug_str     0x00000000      0x1e7 main.o
                                0x212 (size before relaxing)
 .debug_str     0x000001e7       0x4d boot.o

.comment        0x00000000       0x26
 .comment       0x00000000       0x26 main.o
                                 0x27 (size before relaxing)

.ARM.attributes
                0x00000000       0x2f
 .ARM.attributes
                0x00000000       0x2f main.o
 .ARM.attributes
                0x0000002f       0x1a boot.o

.debug_frame    0x00000000       0xec
 .debug_frame   0x00000000       0xec main.o

.debug_ranges   0x00000000       0x20
 .debug_ranges  0x00000000       0x20 boot.o
